{
  "generated_at": "2024-01-01T00:00:00Z",
  "plugins_used": [
    {
      "name": "AWSKeyDetector"
    },
    {
      "name": "Base64HighEntropyString"
    },
    {
      "name": "Base64LowEntropyString"
    },
    {
      "name": "BasicAuthDetector"
    },
    {
      "name": "BatchCloudApiKeyDetector"
    },
    {
      "name": "CloudantDetector"
    },
    {
      "name": "DiscordBotTokenDetector"
    },
    {
      "name": "ElasticCloudDetector"
    },
    {
      "name": "GitHubTokenDetector"
    },
    {
      "name": "IbmCloudIamDetector"
    },
    {
      "name": "IpmiDetector"
    },
    {
      "name": "JiraApiTokenDetector"
    },
    {
      "name": "JwtTokenDetector"
    },
    {
      "name": "KeywordDetector"
    },
    {
      "name": "MailchimpDetector"
    },
    {
      "name": "NpmDetector"
    },
    {
      "name": "PrivateKeyDetector"
    },
    {
      "name": "SendGridDetector"
    },
    {
      "name": "SlackDetector"
    },
    {
      "name": "SoftlayerDetector"
    },
    {
      "name": "SquareOAuthDetector"
    },
    {
      "name": "StripeDetector"
    },
    {
      "name": "TwilioKeyDetector"
    },
    {
      "name": "AzureKeyDetector"
    }
  ],
  "results": []
}
