{
  "audit": {
    ".env.example": {
      "632d8eb9ee5be70b5448c03a10544b62f577ad60": [
        {
          "filename": ".env.example",
          "hashed_secret": "632d8eb9ee5be70b5448c03a10544b62f577ad60",
          "is_secret": false,
          "is_verified": false,
          "line_number": 11,
          "note": "Seeded for #720: pre-existing placeholder/test/example detection, review before trusting",
          "type": "Basic Auth Credentials"
        }
      ]
    },
    ".github/workflows/ci.yml": {
      "bf0a737434ab6c2fedb31a2a084eae04597f5de0": [
        {
          "filename": ".github/workflows/ci.yml",
          "hashed_secret": "bf0a737434ab6c2fedb31a2a084eae04597f5de0",
          "is_secret": false,
          "is_verified": false,
          "line_number": 25,
          "note": "Seeded for #720: pre-existing placeholder/test/example detection, review before trusting",
          "type": "Secret Keyword"
        },
        {
          "filename": ".github/workflows/ci.yml",
          "hashed_secret": "bf0a737434ab6c2fedb31a2a084eae04597f5de0",
          "is_secret": false,
          "is_verified": false,
          "line_number": 44,
          "note": "Seeded for #720: pre-existing placeholder/test/example detection, review before trusting",
          "type": "Basic Auth Credentials"
        }
      ]
    },
    ".github/workflows/e2e-tests.yml": {
      "a94a8fe5ccb19ba61c4c0873d391e987982fbbd3": [
        {
          "filename": ".github/workflows/e2e-tests.yml",
          "hashed_secret": "a94a8fe5ccb19ba61c4c0873d391e987982fbbd3",
          "is_secret": false,
          "is_verified": false,
          "line_number": 21,
          "note": "Seeded for #720: pre-existing placeholder/test/example detection, review before trusting",
          "type": "Secret Keyword"
        },
        {
          "filename": ".github/workflows/e2e-tests.yml",
          "hashed_secret": "a94a8fe5ccb19ba61c4c0873d391e987982fbbd3",
          "is_secret": false,
          "is_verified": false,
          "line_number": 58,
          "note": "Seeded for #720: pre-existing placeholder/test/example detection, review before trusting",
          "type": "Basic Auth Credentials"
        }
      ]
    },
    ".github/workflows/nightly.yml": {
      "bf0a737434ab6c2fedb31a2a084eae04597f5de0": [
        {
          "filename": ".github/workflows/nightly.yml",
          "hashed_secret": "bf0a737434ab6c2fedb31a2a084eae04597f5de0",
          "is_secret": false,
          "is_verified": false,
          "line_number": 123,
          "note": "Seeded for #720: pre-existing placeholder/test/example detection, review before trusting",
          "type": "Secret Keyword"
        },
        {
          "filename": ".github/workflows/nightly.yml",
          "hashed_secret": "bf0a737434ab6c2fedb31a2a084eae04597f5de0",
          "is_secret": false,
          "is_verified": false,
          "line_number": 159,
          "note": "Seeded for #720: pre-existing placeholder/test/example detection, review before trusting",
          "type": "Basic Auth Credentials"
        }
      ]
    },
    "DOCKER_QUICK_REFERENCE.md": {
      "5baa61e4c9b93f3f0682250b6cf8331b7ee68fd8": [
        {
          "filename": "DOCKER_QUICK_REFERENCE.md",
          "hashed_secret": "5baa61e4c9b93f3f0682250b6cf8331b7ee68fd8",
          "is_secret": false,
          "is_verified": false,
          "line_number": 128,
          "note": "Seeded for #720: pre-existing placeholder/test/example detection, review before trusting",
          "type": "Basic Auth Credentials"
        }
      ]
    },
    "E2E_TESTING_GUIDE.md": {
      "a94a8fe5ccb19ba61c4c0873d391e987982fbbd3": [
        {
          "filename": "E2E_TESTING_GUIDE.md",
          "hashed_secret": "a94a8fe5ccb19ba61c4c0873d391e987982fbbd3",
          "is_secret": false,
          "is_verified": false,
          "line_number": 81,
          "note": "Seeded for #720: pre-existing placeholder/test/example detection, review before trusting",
          "type": "Basic Auth Credentials"
        }
      ]
    },
    "PR_MESSAGE.md": {
      "a94a8fe5ccb19ba61c4c0873d391e987982fbbd3": [
        {
          "filename": "PR_MESSAGE.md",
          "hashed_secret": "a94a8fe5ccb19ba61c4c0873d391e987982fbbd3",
          "is_secret": false,
          "is_verified": false,
          "line_number": 242,
          "note": "Seeded for #720: pre-existing placeholder/test/example detection, review before trusting",
          "type": "Basic Auth Credentials"
        }
      ]
    },
    "README.md": {
      "bf0a737434ab6c2fedb31a2a084eae04597f5de0": [
        {
          "filename": "README.md",
          "hashed_secret": "bf0a737434ab6c2fedb31a2a084eae04597f5de0",
          "is_secret": false,
          "is_verified": false,
          "line_number": 367,
          "note": "Seeded for #720: pre-existing placeholder/test/example detection, review before trusting",
          "type": "Basic Auth Credentials"
        }
      ]
    },
    "SECRETS_SCANNING_GUIDE.md": {
      "19fc48b762dc922d126f0d0d7e5274e93212b5e7": [
        {
          "filename": "SECRETS_SCANNING_GUIDE.md",
          "hashed_secret": "19fc48b762dc922d126f0d0d7e5274e93212b5e7",
          "is_secret": false,
          "is_verified": false,
          "line_number": 109,
          "note": "Seeded for #720: pre-existing placeholder/test/example detection, review before trusting",
          "type": "Secret Keyword"
        }
      ],
      "25910f981e85ca04baf359199dd0bd4a3ae738b6": [
        {
          "filename": "SECRETS_SCANNING_GUIDE.md",
          "hashed_secret": "25910f981e85ca04baf359199dd0bd4a3ae738b6",
          "is_secret": false,
          "is_verified": false,
          "line_number": 270,
          "note": "Seeded for #720: pre-existing placeholder/test/example detection, review before trusting",
          "type": "AWS Access Key"
        }
      ],
      "9d4e1e23bd5b727046a9e3b4b7db57bd8d6ee684": [
        {
          "filename": "SECRETS_SCANNING_GUIDE.md",
          "hashed_secret": "9d4e1e23bd5b727046a9e3b4b7db57bd8d6ee684",
          "is_secret": false,
          "is_verified": false,
          "line_number": 161,
          "note": "Seeded for #720: pre-existing placeholder/test/example detection, review before trusting",
          "type": "Basic Auth Credentials"
        }
      ],
      "d247e54e14ab3298d7b979f10a70fa8d380ffeec": [
        {
          "filename": "SECRETS_SCANNING_GUIDE.md",
          "hashed_secret": "d247e54e14ab3298d7b979f10a70fa8d380ffeec",
          "is_secret": false,
          "is_verified": false,
          "line_number": 147,
          "note": "Seeded for #720: pre-existing placeholder/test/example detection, review before trusting",
          "type": "Secret Keyword"
        }
      ]
    },
    "api/database.py": {
      "bf0a737434ab6c2fedb31a2a084eae04597f5de0": [
        {
          "filename": "api/database.py",
          "hashed_secret": "bf0a737434ab6c2fedb31a2a084eae04597f5de0",
          "is_secret": false,
          "is_verified": false,
          "line_number": 111,
          "note": "Seeded for #720: pre-existing placeholder/test/example detection, review before trusting",
          "type": "Basic Auth Credentials"
        }
      ]
    },
    "api/routers/accounts.py": {
      "5fad8caa4a59d7bf10d88a7fa4c0d55096b5bb64": [
        {
          "filename": "api/routers/accounts.py",
          "hashed_secret": "5fad8caa4a59d7bf10d88a7fa4c0d55096b5bb64",
          "is_secret": false,
          "is_verified": false,
          "line_number": 190,
          "note": "Seeded for #720: pre-existing placeholder/test/example detection, review before trusting",
          "type": "Base64 High Entropy String"
        }
      ],
      "a3d2709ddb4695bf7c836222de3fcdba279a129c": [
        {
          "filename": "api/routers/accounts.py",
          "hashed_secret": "a3d2709ddb4695bf7c836222de3fcdba279a129c",
          "is_secret": false,
          "is_verified": false,
          "line_number": 188,
          "note": "Seeded for #720: pre-existing placeholder/test/example detection, review before trusting",
          "type": "Hex High Entropy String"
        }
      ]
    },
    "api/routers/backup.py": {
      "bf0a737434ab6c2fedb31a2a084eae04597f5de0": [
        {
          "filename": "api/routers/backup.py",
          "hashed_secret": "bf0a737434ab6c2fedb31a2a084eae04597f5de0",
          "is_secret": false,
          "is_verified": false,
          "line_number": 80,
          "note": "Seeded for #720: pre-existing placeholder/test/example detection, review before trusting",
          "type": "Basic Auth Credentials"
        }
      ]
    },
    "api/routers/v1/backup.py": {
      "bf0a737434ab6c2fedb31a2a084eae04597f5de0": [
        {
          "filename": "api/routers/v1/backup.py",
          "hashed_secret": "bf0a737434ab6c2fedb31a2a084eae04597f5de0",
          "is_secret": false,
          "is_verified": false,
          "line_number": 80,
          "note": "Seeded for #720: pre-existing placeholder/test/example detection, review before trusting",
          "type": "Basic Auth Credentials"
        }
      ]
    },
    "api/schemas/__init__.py": {
      "5fad8caa4a59d7bf10d88a7fa4c0d55096b5bb64": [
        {
          "filename": "api/schemas/__init__.py",
          "hashed_secret": "5fad8caa4a59d7bf10d88a7fa4c0d55096b5bb64",
          "is_secret": false,
          "is_verified": false,
          "line_number": 38,
          "note": "Seeded for #720: pre-existing placeholder/test/example detection, review before trusting",
          "type": "Base64 High Entropy String"
        }
      ],
      "bffd31c8a849c72e349c658d0c6382ee10e4c58e": [
        {
          "filename": "api/schemas/__init__.py",
          "hashed_secret": "bffd31c8a849c72e349c658d0c6382ee10e4c58e",
          "is_secret": false,
          "is_verified": false,
          "line_number": 44,
          "note": "Seeded for #720: pre-existing placeholder/test/example detection, review before trusting",
          "type": "Base64 High Entropy String"
        }
      ]
    },
    "api/tests/conftest.py": {
      "a14cdcfcd4700ffb2f5de51a5ff19a97e2384237": [
        {
          "filename": "api/tests/conftest.py",
          "hashed_secret": "a14cdcfcd4700ffb2f5de51a5ff19a97e2384237",
          "is_secret": false,
          "is_verified": false,
          "line_number": 120,
          "note": "Seeded for #720: pre-existing placeholder/test/example detection, review before trusting",
          "type": "Hex High Entropy String"
        }
      ]
    },
    "api/tests/test_api_key_rotation.py": {
      "25ab86bed149ca6ca9c1c0d5db7c9a91388ddeab": [
        {
          "filename": "api/tests/test_api_key_rotation.py",
          "hashed_secret": "25ab86bed149ca6ca9c1c0d5db7c9a91388ddeab",
          "is_secret": false,
          "is_verified": false,
          "line_number": 42,
          "note": "Seeded for #720: pre-existing placeholder/test/example detection, review before trusting",
          "type": "Secret Keyword"
        }
      ]
    },
    "api/tests/test_auth.py": {
      "e5e9fa1ba31ecd1ae84f75caaa474f3a663f05f4": [
        {
          "filename": "api/tests/test_auth.py",
          "hashed_secret": "e5e9fa1ba31ecd1ae84f75caaa474f3a663f05f4",
          "is_secret": false,
          "is_verified": false,
          "line_number": 39,
          "note": "Seeded for #720: pre-existing placeholder/test/example detection, review before trusting",
          "type": "Secret Keyword"
        }
      ]
    },
    "api/tests/test_orm_models.py": {
      "ff55f8ab1c3d25394048cbef0bac18ef763a60ed": [
        {
          "filename": "api/tests/test_orm_models.py",
          "hashed_secret": "ff55f8ab1c3d25394048cbef0bac18ef763a60ed",
          "is_secret": false,
          "is_verified": false,
          "line_number": 75,
          "note": "Seeded for #720: pre-existing placeholder/test/example detection, review before trusting",
          "type": "Hex High Entropy String"
        }
      ]
    },
    "astroml/api/app.py": {
      "bf0a737434ab6c2fedb31a2a084eae04597f5de0": [
        {
          "filename": "astroml/api/app.py",
          "hashed_secret": "bf0a737434ab6c2fedb31a2a084eae04597f5de0",
          "is_secret": false,
          "is_verified": false,
          "line_number": 43,
          "note": "Seeded for #720: pre-existing placeholder/test/example detection, review before trusting",
          "type": "Basic Auth Credentials"
        }
      ]
    },
    "astroml/api/routers/accounts.py": {
      "bf0a737434ab6c2fedb31a2a084eae04597f5de0": [
        {
          "filename": "astroml/api/routers/accounts.py",
          "hashed_secret": "bf0a737434ab6c2fedb31a2a084eae04597f5de0",
          "is_secret": false,
          "is_verified": false,
          "line_number": 27,
          "note": "Seeded for #720: pre-existing placeholder/test/example detection, review before trusting",
          "type": "Basic Auth Credentials"
        }
      ]
    },
    "astroml/api/routers/fraud.py": {
      "bf0a737434ab6c2fedb31a2a084eae04597f5de0": [
        {
          "filename": "astroml/api/routers/fraud.py",
          "hashed_secret": "bf0a737434ab6c2fedb31a2a084eae04597f5de0",
          "is_secret": false,
          "is_verified": false,
          "line_number": 30,
          "note": "Seeded for #720: pre-existing placeholder/test/example detection, review before trusting",
          "type": "Basic Auth Credentials"
        }
      ]
    },
    "astroml/backup/service.py": {
      "9d4e1e23bd5b727046a9e3b4b7db57bd8d6ee684": [
        {
          "filename": "astroml/backup/service.py",
          "hashed_secret": "9d4e1e23bd5b727046a9e3b4b7db57bd8d6ee684",
          "is_secret": false,
          "is_verified": false,
          "line_number": 130,
          "note": "Seeded for #720: pre-existing placeholder/test/example detection, review before trusting",
          "type": "Basic Auth Credentials"
        }
      ]
    },
    "astroml/ingestion/tests/test_enhanced_stream.py": {
      "6740d1ecb48c5c9ca3b2a3cb1ca2f4b4d4487473": [
        {
          "filename": "astroml/ingestion/tests/test_enhanced_stream.py",
          "hashed_secret": "6740d1ecb48c5c9ca3b2a3cb1ca2f4b4d4487473",
          "is_secret": false,
          "is_verified": false,
          "line_number": 276,
          "note": "Seeded for #720: pre-existing placeholder/test/example detection, review before trusting",
          "type": "Hex High Entropy String"
        }
      ]
    },
    "docker-compose.e2e.yml": {
      "a94a8fe5ccb19ba61c4c0873d391e987982fbbd3": [
        {
          "filename": "docker-compose.e2e.yml",
          "hashed_secret": "a94a8fe5ccb19ba61c4c0873d391e987982fbbd3",
          "is_secret": false,
          "is_verified": false,
          "line_number": 12,
          "note": "Seeded for #720: pre-existing placeholder/test/example detection, review before trusting",
          "type": "Secret Keyword"
        },
        {
          "filename": "docker-compose.e2e.yml",
          "hashed_secret": "a94a8fe5ccb19ba61c4c0873d391e987982fbbd3",
          "is_secret": false,
          "is_verified": false,
          "line_number": 53,
          "note": "Seeded for #720: pre-existing placeholder/test/example detection, review before trusting",
          "type": "Basic Auth Credentials"
        }
      ]
    },
    "docker-compose.override.yml": {
      "3e79db1cb0caff14fd2f04f20d85b41d42bce77d": [
        {
          "filename": "docker-compose.override.yml",
          "hashed_secret": "3e79db1cb0caff14fd2f04f20d85b41d42bce77d",
          "is_secret": false,
          "is_verified": false,
          "line_number": 33,
          "note": "Seeded for #720: pre-existing placeholder/test/example detection, review before trusting",
          "type": "Secret Keyword"
        }
      ]
    },
    "docker-compose.yml": {
      "99d2a40138fb59944b84a939a09b863d939fbee6": [
        {
          "filename": "docker-compose.yml",
          "hashed_secret": "99d2a40138fb59944b84a939a09b863d939fbee6",
          "is_secret": false,
          "is_verified": false,
          "line_number": 32,
          "note": "Seeded for #720: pre-existing placeholder/test/example detection, review before trusting",
          "type": "Secret Keyword"
        }
      ]
    },
    "docs/KUBERNETES_DEPLOYMENT.md": {
      "45d676e7c6ab44cf4b8fa366ef2d8fccd3e6d6e6": [
        {
          "filename": "docs/KUBERNETES_DEPLOYMENT.md",
          "hashed_secret": "45d676e7c6ab44cf4b8fa366ef2d8fccd3e6d6e6",
          "is_secret": false,
          "is_verified": false,
          "line_number": 113,
          "note": "Seeded for #720: pre-existing placeholder/test/example detection, review before trusting",
          "type": "Basic Auth Credentials"
        }
      ]
    },
    "docs/_build/.buildinfo": {
      "4b7b4f6d15410a3e658d4288f3f2dc5137d21155": [
        {
          "filename": "docs/_build/.buildinfo",
          "hashed_secret": "4b7b4f6d15410a3e658d4288f3f2dc5137d21155",
          "is_secret": false,
          "is_verified": false,
          "line_number": 3,
          "note": "Seeded for #720: pre-existing placeholder/test/example detection, review before trusting",
          "type": "Hex High Entropy String"
        }
      ],
      "63256a38625700f409b7ec5db8fa05ffd2cb88b2": [
        {
          "filename": "docs/_build/.buildinfo",
          "hashed_secret": "63256a38625700f409b7ec5db8fa05ffd2cb88b2",
          "is_secret": false,
          "is_verified": false,
          "line_number": 4,
          "note": "Seeded for #720: pre-existing placeholder/test/example detection, review before trusting",
          "type": "Hex High Entropy String"
        }
      ]
    },
    "docs/_build/_sources/docker-deployment.md.txt": {
      "99d2a40138fb59944b84a939a09b863d939fbee6": [
        {
          "filename": "docs/_build/_sources/docker-deployment.md.txt",
          "hashed_secret": "99d2a40138fb59944b84a939a09b863d939fbee6",
          "is_secret": false,
          "is_verified": false,
          "line_number": 136,
          "note": "Seeded for #720: pre-existing placeholder/test/example detection, review before trusting",
          "type": "Basic Auth Credentials"
        }
      ]
    },
    "docs/_build/docker-deployment.html": {
      "99d2a40138fb59944b84a939a09b863d939fbee6": [
        {
          "filename": "docs/_build/docker-deployment.html",
          "hashed_secret": "99d2a40138fb59944b84a939a09b863d939fbee6",
          "is_secret": false,
          "is_verified": false,
          "line_number": 325,
          "note": "Seeded for #720: pre-existing placeholder/test/example detection, review before trusting",
          "type": "Basic Auth Credentials"
        }
      ]
    },
    "docs/api/configuration.md": {
      "5baa61e4c9b93f3f0682250b6cf8331b7ee68fd8": [
        {
          "filename": "docs/api/configuration.md",
          "hashed_secret": "5baa61e4c9b93f3f0682250b6cf8331b7ee68fd8",
          "is_secret": false,
          "is_verified": false,
          "line_number": 612,
          "note": "Seeded for #720: pre-existing placeholder/test/example detection, review before trusting",
          "type": "Basic Auth Credentials"
        }
      ],
      "9d4e1e23bd5b727046a9e3b4b7db57bd8d6ee684": [
        {
          "filename": "docs/api/configuration.md",
          "hashed_secret": "9d4e1e23bd5b727046a9e3b4b7db57bd8d6ee684",
          "is_secret": false,
          "is_verified": false,
          "line_number": 119,
          "note": "Seeded for #720: pre-existing placeholder/test/example detection, review before trusting",
          "type": "Basic Auth Credentials"
        }
      ],
      "a616a64c0fbc30f12287d0f24f3b90dd2e6a206e": [
        {
          "filename": "docs/api/configuration.md",
          "hashed_secret": "a616a64c0fbc30f12287d0f24f3b90dd2e6a206e",
          "is_secret": false,
          "is_verified": false,
          "line_number": 144,
          "note": "Seeded for #720: pre-existing placeholder/test/example detection, review before trusting",
          "type": "Secret Keyword"
        },
        {
          "filename": "docs/api/configuration.md",
          "hashed_secret": "a616a64c0fbc30f12287d0f24f3b90dd2e6a206e",
          "is_secret": false,
          "is_verified": false,
          "line_number": 1063,
          "note": "Seeded for #720: pre-existing placeholder/test/example detection, review before trusting",
          "type": "Basic Auth Credentials"
        }
      ],
      "b35de43b61185e4ad30e9af6bfa1a07a37efa33a": [
        {
          "filename": "docs/api/configuration.md",
          "hashed_secret": "b35de43b61185e4ad30e9af6bfa1a07a37efa33a",
          "is_secret": false,
          "is_verified": false,
          "line_number": 280,
          "note": "Seeded for #720: pre-existing placeholder/test/example detection, review before trusting",
          "type": "Base64 High Entropy String"
        }
      ]
    },
    "docs/docker-deployment.md": {
      "99d2a40138fb59944b84a939a09b863d939fbee6": [
        {
          "filename": "docs/docker-deployment.md",
          "hashed_secret": "99d2a40138fb59944b84a939a09b863d939fbee6",
          "is_secret": false,
          "is_verified": false,
          "line_number": 136,
          "note": "Seeded for #720: pre-existing placeholder/test/example detection, review before trusting",
          "type": "Basic Auth Credentials"
        }
      ]
    },
    "k8s/astroml-deployment.yaml": {
      "9a7bdf407660fc72b8b810902efb01070a6ee967": [
        {
          "filename": "k8s/astroml-deployment.yaml",
          "hashed_secret": "9a7bdf407660fc72b8b810902efb01070a6ee967",
          "is_secret": false,
          "is_verified": false,
          "line_number": 7,
          "note": "Seeded for #720: pre-existing placeholder/test/example detection, review before trusting",
          "type": "Basic Auth Credentials"
        }
      ]
    },
    "k8s/ingress.yaml": {
      "a725074fcadec7a4fa168915eb394c9ab4121dc5": [
        {
          "filename": "k8s/ingress.yaml",
          "hashed_secret": "a725074fcadec7a4fa168915eb394c9ab4121dc5",
          "is_secret": false,
          "is_verified": false,
          "line_number": 17,
          "note": "Seeded for #720: pre-existing placeholder/test/example detection, review before trusting",
          "type": "Secret Keyword"
        }
      ],
      "e9dd4d471ad36e76a1d6c77db85b9cb5ca8f22de": [
        {
          "filename": "k8s/ingress.yaml",
          "hashed_secret": "e9dd4d471ad36e76a1d6c77db85b9cb5ca8f22de",
          "is_secret": false,
          "is_verified": false,
          "line_number": 58,
          "note": "Seeded for #720: pre-existing placeholder/test/example detection, review before trusting",
          "type": "Secret Keyword"
        }
      ]
    },
    "k8s/monitoring.yaml": {
      "3d7fc47f79279fc7dadb1a75abe82f38655a9838": [
        {
          "filename": "k8s/monitoring.yaml",
          "hashed_secret": "3d7fc47f79279fc7dadb1a75abe82f38655a9838",
          "is_secret": false,
          "is_verified": false,
          "line_number": 234,
          "note": "Seeded for #720: pre-existing placeholder/test/example detection, review before trusting",
          "type": "Secret Keyword"
        }
      ],
      "d033e22ae348aeb5660fc2140aec35850c4da997": [
        {
          "filename": "k8s/monitoring.yaml",
          "hashed_secret": "d033e22ae348aeb5660fc2140aec35850c4da997",
          "is_secret": false,
          "is_verified": false,
          "line_number": 146,
          "note": "Seeded for #720: pre-existing placeholder/test/example detection, review before trusting",
          "type": "Secret Keyword"
        }
      ]
    },
    "k8s/postgres-deployment.yaml": {
      "9a7bdf407660fc72b8b810902efb01070a6ee967": [
        {
          "filename": "k8s/postgres-deployment.yaml",
          "hashed_secret": "9a7bdf407660fc72b8b810902efb01070a6ee967",
          "is_secret": false,
          "is_verified": false,
          "line_number": 17,
          "note": "Seeded for #720: pre-existing placeholder/test/example detection, review before trusting",
          "type": "Secret Keyword"
        }
      ]
    },
    "monitoring/grafana/provisioning/datasources/prometheus.yml": {
      "99d2a40138fb59944b84a939a09b863d939fbee6": [
        {
          "filename": "monitoring/grafana/provisioning/datasources/prometheus.yml",
          "hashed_secret": "99d2a40138fb59944b84a939a09b863d939fbee6",
          "is_secret": false,
          "is_verified": false,
          "line_number": 20,
          "note": "Seeded for #720: pre-existing placeholder/test/example detection, review before trusting",
          "type": "Secret Keyword"
        }
      ]
    },
    "outputs/astroml_experiment/2026-03-24_12-35-42/.hydra/hydra.yaml": {
      "ac99bcf8782752db45829ce43b8e3a631c7ae82c": [
        {
          "filename": "outputs/astroml_experiment/2026-03-24_12-35-42/.hydra/hydra.yaml",
          "hashed_secret": "ac99bcf8782752db45829ce43b8e3a631c7ae82c",
          "is_secret": false,
          "is_verified": false,
          "line_number": 143,
          "note": "Seeded for #720: pre-existing placeholder/test/example detection, review before trusting",
          "type": "Base64 High Entropy String"
        }
      ]
    },
    "outputs/astroml_experiment/2026-03-24_12-36-17/.hydra/hydra.yaml": {
      "9484a72f9f06dec2e9d6d8e4cb6a827b2bcb5581": [
        {
          "filename": "outputs/astroml_experiment/2026-03-24_12-36-17/.hydra/hydra.yaml",
          "hashed_secret": "9484a72f9f06dec2e9d6d8e4cb6a827b2bcb5581",
          "is_secret": false,
          "is_verified": false,
          "line_number": 146,
          "note": "Seeded for #720: pre-existing placeholder/test/example detection, review before trusting",
          "type": "Base64 High Entropy String"
        }
      ]
    },
    "test_data_quality_import.py": {
      "4d43a7fd59197a455b33ddf403e2af43b2c820dc": [
        {
          "filename": "test_data_quality_import.py",
          "hashed_secret": "4d43a7fd59197a455b33ddf403e2af43b2c820dc",
          "is_secret": false,
          "is_verified": false,
          "line_number": 38,
          "note": "Seeded for #720: pre-existing placeholder/test/example detection, review before trusting",
          "type": "Base64 High Entropy String"
        }
      ]
    },
    "test_snapshots/security_tests/security_tests/test_confidence_boundary_100_accepted.1.json": {
      "244f421f896bdcdd2784dccf4eaf7c8dfd5189b5": [
        {
          "filename": "test_snapshots/security_tests/security_tests/test_confidence_boundary_100_accepted.1.json",
          "hashed_secret": "244f421f896bdcdd2784dccf4eaf7c8dfd5189b5",
          "is_secret": false,
          "is_verified": false,
          "line_number": 42,
          "note": "Seeded for #720: pre-existing placeholder/test/example detection, review before trusting",
          "type": "Hex High Entropy String"
        }
      ]
    },
    "test_snapshots/security_tests/security_tests/test_deactivated_validator_cannot_submit_report.1.json": {
      "244f421f896bdcdd2784dccf4eaf7c8dfd5189b5": [
        {
          "filename": "test_snapshots/security_tests/security_tests/test_deactivated_validator_cannot_submit_report.1.json",
          "hashed_secret": "244f421f896bdcdd2784dccf4eaf7c8dfd5189b5",
          "is_secret": false,
          "is_verified": false,
          "line_number": 42,
          "note": "Seeded for #720: pre-existing placeholder/test/example detection, review before trusting",
          "type": "Hex High Entropy String"
        }
      ]
    },
    "test_snapshots/security_tests/security_tests/test_low_confidence_report_rejected_at_boundary.1.json": {
      "244f421f896bdcdd2784dccf4eaf7c8dfd5189b5": [
        {
          "filename": "test_snapshots/security_tests/security_tests/test_low_confidence_report_rejected_at_boundary.1.json",
          "hashed_secret": "244f421f896bdcdd2784dccf4eaf7c8dfd5189b5",
          "is_secret": false,
          "is_verified": false,
          "line_number": 42,
          "note": "Seeded for #720: pre-existing placeholder/test/example detection, review before trusting",
          "type": "Hex High Entropy String"
        }
      ]
    },
    "test_snapshots/security_tests/security_tests/test_low_reputation_report_rejected_at_boundary.1.json": {
      "244f421f896bdcdd2784dccf4eaf7c8dfd5189b5": [
        {
          "filename": "test_snapshots/security_tests/security_tests/test_low_reputation_report_rejected_at_boundary.1.json",
          "hashed_secret": "244f421f896bdcdd2784dccf4eaf7c8dfd5189b5",
          "is_secret": false,
          "is_verified": false,
          "line_number": 43,
          "note": "Seeded for #720: pre-existing placeholder/test/example detection, review before trusting",
          "type": "Hex High Entropy String"
        }
      ]
    },
    "test_snapshots/security_tests/security_tests/test_non_admin_cannot_deactivate_validator.1.json": {
      "244f421f896bdcdd2784dccf4eaf7c8dfd5189b5": [
        {
          "filename": "test_snapshots/security_tests/security_tests/test_non_admin_cannot_deactivate_validator.1.json",
          "hashed_secret": "244f421f896bdcdd2784dccf4eaf7c8dfd5189b5",
          "is_secret": false,
          "is_verified": false,
          "line_number": 41,
          "note": "Seeded for #720: pre-existing placeholder/test/example detection, review before trusting",
          "type": "Hex High Entropy String"
        }
      ]
    },
    "test_snapshots/security_tests/security_tests/test_non_admin_cannot_update_config.1.json": {
      "244f421f896bdcdd2784dccf4eaf7c8dfd5189b5": [
        {
          "filename": "test_snapshots/security_tests/security_tests/test_non_admin_cannot_update_config.1.json",
          "hashed_secret": "244f421f896bdcdd2784dccf4eaf7c8dfd5189b5",
          "is_secret": false,
          "is_verified": false,
          "line_number": 40,
          "note": "Seeded for #720: pre-existing placeholder/test/example detection, review before trusting",
          "type": "Hex High Entropy String"
        }
      ]
    },
    "test_snapshots/security_tests/security_tests/test_non_admin_cannot_update_validator_reputation.1.json": {
      "244f421f896bdcdd2784dccf4eaf7c8dfd5189b5": [
        {
          "filename": "test_snapshots/security_tests/security_tests/test_non_admin_cannot_update_validator_reputation.1.json",
          "hashed_secret": "244f421f896bdcdd2784dccf4eaf7c8dfd5189b5",
          "is_secret": false,
          "is_verified": false,
          "line_number": 41,
          "note": "Seeded for #720: pre-existing placeholder/test/example detection, review before trusting",
          "type": "Hex High Entropy String"
        }
      ]
    },
    "test_snapshots/security_tests/security_tests/test_reinitialization_overwrites_admin.1.json": {
      "244f421f896bdcdd2784dccf4eaf7c8dfd5189b5": [
        {
          "filename": "test_snapshots/security_tests/security_tests/test_reinitialization_overwrites_admin.1.json",
          "hashed_secret": "244f421f896bdcdd2784dccf4eaf7c8dfd5189b5",
          "is_secret": false,
          "is_verified": false,
          "line_number": 41,
          "note": "Seeded for #720: pre-existing placeholder/test/example detection, review before trusting",
          "type": "Hex High Entropy String"
        }
      ]
    },
    "test_snapshots/security_tests/security_tests/test_report_with_and_without_evidence_hash.1.json": {
      "244f421f896bdcdd2784dccf4eaf7c8dfd5189b5": [
        {
          "filename": "test_snapshots/security_tests/security_tests/test_report_with_and_without_evidence_hash.1.json",
          "hashed_secret": "244f421f896bdcdd2784dccf4eaf7c8dfd5189b5",
          "is_secret": false,
          "is_verified": false,
          "line_number": 44,
          "note": "Seeded for #720: pre-existing placeholder/test/example detection, review before trusting",
          "type": "Hex High Entropy String"
        }
      ]
    },
    "test_snapshots/security_tests/security_tests/test_reputation_boundary_0_accepted.1.json": {
      "244f421f896bdcdd2784dccf4eaf7c8dfd5189b5": [
        {
          "filename": "test_snapshots/security_tests/security_tests/test_reputation_boundary_0_accepted.1.json",
          "hashed_secret": "244f421f896bdcdd2784dccf4eaf7c8dfd5189b5",
          "is_secret": false,
          "is_verified": false,
          "line_number": 41,
          "note": "Seeded for #720: pre-existing placeholder/test/example detection, review before trusting",
          "type": "Hex High Entropy String"
        }
      ]
    },
    "test_snapshots/security_tests/security_tests/test_reputation_boundary_100_accepted.1.json": {
      "244f421f896bdcdd2784dccf4eaf7c8dfd5189b5": [
        {
          "filename": "test_snapshots/security_tests/security_tests/test_reputation_boundary_100_accepted.1.json",
          "hashed_secret": "244f421f896bdcdd2784dccf4eaf7c8dfd5189b5",
          "is_secret": false,
          "is_verified": false,
          "line_number": 41,
          "note": "Seeded for #720: pre-existing placeholder/test/example detection, review before trusting",
          "type": "Hex High Entropy String"
        }
      ]
    },
    "test_snapshots/security_tests/security_tests/test_reputation_boundary_101_rejected.1.json": {
      "244f421f896bdcdd2784dccf4eaf7c8dfd5189b5": [
        {
          "filename": "test_snapshots/security_tests/security_tests/test_reputation_boundary_101_rejected.1.json",
          "hashed_secret": "244f421f896bdcdd2784dccf4eaf7c8dfd5189b5",
          "is_secret": false,
          "is_verified": false,
          "line_number": 40,
          "note": "Seeded for #720: pre-existing placeholder/test/example detection, review before trusting",
          "type": "Hex High Entropy String"
        }
      ]
    },
    "test_snapshots/security_tests/security_tests/test_sybil_single_validator_cannot_manufacture_consensus.1.json": {
      "244f421f896bdcdd2784dccf4eaf7c8dfd5189b5": [
        {
          "filename": "test_snapshots/security_tests/security_tests/test_sybil_single_validator_cannot_manufacture_consensus.1.json",
          "hashed_secret": "244f421f896bdcdd2784dccf4eaf7c8dfd5189b5",
          "is_secret": false,
          "is_verified": false,
          "line_number": 43,
          "note": "Seeded for #720: pre-existing placeholder/test/example detection, review before trusting",
          "type": "Hex High Entropy String"
        }
      ]
    },
    "test_snapshots/security_tests/security_tests/test_unregistered_address_cannot_submit_report.1.json": {
      "244f421f896bdcdd2784dccf4eaf7c8dfd5189b5": [
        {
          "filename": "test_snapshots/security_tests/security_tests/test_unregistered_address_cannot_submit_report.1.json",
          "hashed_secret": "244f421f896bdcdd2784dccf4eaf7c8dfd5189b5",
          "is_secret": false,
          "is_verified": false,
          "line_number": 40,
          "note": "Seeded for #720: pre-existing placeholder/test/example detection, review before trusting",
          "type": "Hex High Entropy String"
        }
      ]
    },
    "test_snapshots/security_tests/security_tests/test_update_config_invalid_reputation_threshold.1.json": {
      "244f421f896bdcdd2784dccf4eaf7c8dfd5189b5": [
        {
          "filename": "test_snapshots/security_tests/security_tests/test_update_config_invalid_reputation_threshold.1.json",
          "hashed_secret": "244f421f896bdcdd2784dccf4eaf7c8dfd5189b5",
          "is_secret": false,
          "is_verified": false,
          "line_number": 40,
          "note": "Seeded for #720: pre-existing placeholder/test/example detection, review before trusting",
          "type": "Hex High Entropy String"
        }
      ]
    },
    "test_snapshots/security_tests/security_tests/test_zero_consensus_threshold_marks_unreported_accounts_fraudulent.1.json": {
      "244f421f896bdcdd2784dccf4eaf7c8dfd5189b5": [
        {
          "filename": "test_snapshots/security_tests/security_tests/test_zero_consensus_threshold_marks_unreported_accounts_fraudulent.1.json",
          "hashed_secret": "244f421f896bdcdd2784dccf4eaf7c8dfd5189b5",
          "is_secret": false,
          "is_verified": false,
          "line_number": 40,
          "note": "Seeded for #720: pre-existing placeholder/test/example detection, review before trusting",
          "type": "Hex High Entropy String"
        }
      ]
    },
    "tests/e2e/test_api_e2e.py": {
      "463d8353f4b927fd953e5af7c41084183e8ce5fb": [
        {
          "filename": "tests/e2e/test_api_e2e.py",
          "hashed_secret": "463d8353f4b927fd953e5af7c41084183e8ce5fb",
          "is_secret": false,
          "is_verified": false,
          "line_number": 42,
          "note": "Seeded for #720: pre-existing placeholder/test/example detection, review before trusting",
          "type": "Secret Keyword"
        }
      ],
      "5baa61e4c9b93f3f0682250b6cf8331b7ee68fd8": [
        {
          "filename": "tests/e2e/test_api_e2e.py",
          "hashed_secret": "5baa61e4c9b93f3f0682250b6cf8331b7ee68fd8",
          "is_secret": false,
          "is_verified": false,
          "line_number": 50,
          "note": "Seeded for #720: pre-existing placeholder/test/example detection, review before trusting",
          "type": "Secret Keyword"
        }
      ]
    },
    "tests/integration/conftest.py": {
      "c94d65f02a652d11c2e5c2e1ccf38dce5a076e1e": [
        {
          "filename": "tests/integration/conftest.py",
          "hashed_secret": "c94d65f02a652d11c2e5c2e1ccf38dce5a076e1e",
          "is_secret": false,
          "is_verified": false,
          "line_number": 74,
          "note": "Seeded for #720: pre-existing placeholder/test/example detection, review before trusting",
          "type": "Secret Keyword"
        }
      ]
    },
    "tests/integration/test_database_config_validation.py": {
      "e5e9fa1ba31ecd1ae84f75caaa474f3a663f05f4": [
        {
          "filename": "tests/integration/test_database_config_validation.py",
          "hashed_secret": "e5e9fa1ba31ecd1ae84f75caaa474f3a663f05f4",
          "is_secret": false,
          "is_verified": false,
          "line_number": 76,
          "note": "Seeded for #720: pre-existing placeholder/test/example detection, review before trusting",
          "type": "Basic Auth Credentials"
        }
      ]
    },
    "tests/test_agent_llm.py": {
      "e5e9fa1ba31ecd1ae84f75caaa474f3a663f05f4": [
        {
          "filename": "tests/test_agent_llm.py",
          "hashed_secret": "e5e9fa1ba31ecd1ae84f75caaa474f3a663f05f4",
          "is_secret": false,
          "is_verified": false,
          "line_number": 234,
          "note": "Seeded for #720: pre-existing placeholder/test/example detection, review before trusting",
          "type": "Secret Keyword"
        }
      ]
    },
    "tests/test_config_validation.py": {
      "81f344a7686a80b4c5293e8fdc0b0160c82c06a8": [
        {
          "filename": "tests/test_config_validation.py",
          "hashed_secret": "81f344a7686a80b4c5293e8fdc0b0160c82c06a8",
          "is_secret": false,
          "is_verified": false,
          "line_number": 141,
          "note": "Seeded for #720: pre-existing placeholder/test/example detection, review before trusting",
          "type": "Basic Auth Credentials"
        }
      ],
      "9d4e1e23bd5b727046a9e3b4b7db57bd8d6ee684": [
        {
          "filename": "tests/test_config_validation.py",
          "hashed_secret": "9d4e1e23bd5b727046a9e3b4b7db57bd8d6ee684",
          "is_secret": false,
          "is_verified": false,
          "line_number": 31,
          "note": "Seeded for #720: pre-existing placeholder/test/example detection, review before trusting",
          "type": "Basic Auth Credentials"
        }
      ]
    },
    "tests/test_security.py": {
      "fca268ae2442d5cabc3e12d87b349adf8bf7d76c": [
        {
          "filename": "tests/test_security.py",
          "hashed_secret": "fca268ae2442d5cabc3e12d87b349adf8bf7d76c",
          "is_secret": false,
          "is_verified": false,
          "line_number": 151,
          "note": "Seeded for #720: pre-existing placeholder/test/example detection, review before trusting",
          "type": "Basic Auth Credentials"
        }
      ]
    },
    "tests/test_shipped_config_validation.py": {
      "27c6929aef41ae2bcadac15ca6abcaff72cda9cd": [
        {
          "filename": "tests/test_shipped_config_validation.py",
          "hashed_secret": "27c6929aef41ae2bcadac15ca6abcaff72cda9cd",
          "is_secret": false,
          "is_verified": false,
          "line_number": 194,
          "note": "Seeded for #720: pre-existing placeholder/test/example detection, review before trusting",
          "type": "Private Key"
        }
      ],
      "be4fc4886bd949b369d5e092eb87494f12e57e5b": [
        {
          "filename": "tests/test_shipped_config_validation.py",
          "hashed_secret": "be4fc4886bd949b369d5e092eb87494f12e57e5b",
          "is_secret": false,
          "is_verified": false,
          "line_number": 194,
          "note": "Seeded for #720: pre-existing placeholder/test/example detection, review before trusting",
          "type": "Private Key"
        }
      ]
    },
    "tests/tracking/test_model_registry_lineage.py": {
      "b214f706bb602c1cc2adc5c6165e73622305f4bb": [
        {
          "filename": "tests/tracking/test_model_registry_lineage.py",
          "hashed_secret": "b214f706bb602c1cc2adc5c6165e73622305f4bb",
          "is_secret": false,
          "is_verified": false,
          "line_number": 57,
          "note": "Seeded for #720: pre-existing placeholder/test/example detection, review before trusting",
          "type": "Hex High Entropy String"
        }
      ]
    },
    "tests/validation/test_data_quality.py": {
      "0377fc614fbd81cea0873f127ea31b41316ec709": [
        {
          "filename": "tests/validation/test_data_quality.py",
          "hashed_secret": "0377fc614fbd81cea0873f127ea31b41316ec709",
          "is_secret": false,
          "is_verified": false,
          "line_number": 212,
          "note": "Seeded for #720: pre-existing placeholder/test/example detection, review before trusting",
          "type": "Base64 High Entropy String"
        }
      ],
      "16966c59e1af1af223afe90d62b889debcca108d": [
        {
          "filename": "tests/validation/test_data_quality.py",
          "hashed_secret": "16966c59e1af1af223afe90d62b889debcca108d",
          "is_secret": false,
          "is_verified": false,
          "line_number": 218,
          "note": "Seeded for #720: pre-existing placeholder/test/example detection, review before trusting",
          "type": "Base64 High Entropy String"
        }
      ],
      "4d43a7fd59197a455b33ddf403e2af43b2c820dc": [
        {
          "filename": "tests/validation/test_data_quality.py",
          "hashed_secret": "4d43a7fd59197a455b33ddf403e2af43b2c820dc",
          "is_secret": false,
          "is_verified": false,
          "line_number": 211,
          "note": "Seeded for #720: pre-existing placeholder/test/example detection, review before trusting",
          "type": "Base64 High Entropy String"
        }
      ],
      "9fe888e69513f6e876a5f51c72271617e74c82bb": [
        {
          "filename": "tests/validation/test_data_quality.py",
          "hashed_secret": "9fe888e69513f6e876a5f51c72271617e74c82bb",
          "is_secret": false,
          "is_verified": false,
          "line_number": 216,
          "note": "Seeded for #720: pre-existing placeholder/test/example detection, review before trusting",
          "type": "Base64 High Entropy String"
        }
      ]
    },
    "tests/validation/test_data_quality_monitoring.py": {
      "4d43a7fd59197a455b33ddf403e2af43b2c820dc": [
        {
          "filename": "tests/validation/test_data_quality_monitoring.py",
          "hashed_secret": "4d43a7fd59197a455b33ddf403e2af43b2c820dc",
          "is_secret": false,
          "is_verified": false,
          "line_number": 77,
          "note": "Seeded for #720: pre-existing placeholder/test/example detection, review before trusting",
          "type": "Base64 High Entropy String"
        }
      ]
    },
    "tests/validation/test_extended_data_quality.py": {
      "0377fc614fbd81cea0873f127ea31b41316ec709": [
        {
          "filename": "tests/validation/test_extended_data_quality.py",
          "hashed_secret": "0377fc614fbd81cea0873f127ea31b41316ec709",
          "is_secret": false,
          "is_verified": false,
          "line_number": 154,
          "note": "Seeded for #720: pre-existing placeholder/test/example detection, review before trusting",
          "type": "Base64 High Entropy String"
        }
      ],
      "16966c59e1af1af223afe90d62b889debcca108d": [
        {
          "filename": "tests/validation/test_extended_data_quality.py",
          "hashed_secret": "16966c59e1af1af223afe90d62b889debcca108d",
          "is_secret": false,
          "is_verified": false,
          "line_number": 169,
          "note": "Seeded for #720: pre-existing placeholder/test/example detection, review before trusting",
          "type": "Base64 High Entropy String"
        }
      ],
      "4d43a7fd59197a455b33ddf403e2af43b2c820dc": [
        {
          "filename": "tests/validation/test_extended_data_quality.py",
          "hashed_secret": "4d43a7fd59197a455b33ddf403e2af43b2c820dc",
          "is_secret": false,
          "is_verified": false,
          "line_number": 153,
          "note": "Seeded for #720: pre-existing placeholder/test/example detection, review before trusting",
          "type": "Base64 High Entropy String"
        }
      ],
      "9fe888e69513f6e876a5f51c72271617e74c82bb": [
        {
          "filename": "tests/validation/test_extended_data_quality.py",
          "hashed_secret": "9fe888e69513f6e876a5f51c72271617e74c82bb",
          "is_secret": false,
          "is_verified": false,
          "line_number": 167,
          "note": "Seeded for #720: pre-existing placeholder/test/example detection, review before trusting",
          "type": "Base64 High Entropy String"
        }
      ]
    },
    "web/src/test/AccountDetailPage.test.tsx": {
      "5fad8caa4a59d7bf10d88a7fa4c0d55096b5bb64": [
        {
          "filename": "web/src/test/AccountDetailPage.test.tsx",
          "hashed_secret": "5fad8caa4a59d7bf10d88a7fa4c0d55096b5bb64",
          "is_secret": false,
          "is_verified": false,
          "line_number": 103,
          "note": "Seeded for #720: pre-existing placeholder/test/example detection, review before trusting",
          "type": "Base64 High Entropy String"
        }
      ]
    },
    "web/src/test/AccountSearchBar.test.tsx": {
      "5fad8caa4a59d7bf10d88a7fa4c0d55096b5bb64": [
        {
          "filename": "web/src/test/AccountSearchBar.test.tsx",
          "hashed_secret": "5fad8caa4a59d7bf10d88a7fa4c0d55096b5bb64",
          "is_secret": false,
          "is_verified": false,
          "line_number": 45,
          "note": "Seeded for #720: pre-existing placeholder/test/example detection, review before trusting",
          "type": "Base64 High Entropy String"
        }
      ]
    },
    "web/src/test/TransactionDetailPage.test.tsx": {
      "4610e9a827049f059bc72b0ce9833625ca6cae13": [
        {
          "filename": "web/src/test/TransactionDetailPage.test.tsx",
          "hashed_secret": "4610e9a827049f059bc72b0ce9833625ca6cae13",
          "is_secret": false,
          "is_verified": false,
          "line_number": 7,
          "note": "Seeded for #720: pre-existing placeholder/test/example detection, review before trusting",
          "type": "Hex High Entropy String"
        }
      ],
      "5fad8caa4a59d7bf10d88a7fa4c0d55096b5bb64": [
        {
          "filename": "web/src/test/TransactionDetailPage.test.tsx",
          "hashed_secret": "5fad8caa4a59d7bf10d88a7fa4c0d55096b5bb64",
          "is_secret": false,
          "is_verified": false,
          "line_number": 9,
          "note": "Seeded for #720: pre-existing placeholder/test/example detection, review before trusting",
          "type": "Base64 High Entropy String"
        }
      ],
      "bffd31c8a849c72e349c658d0c6382ee10e4c58e": [
        {
          "filename": "web/src/test/TransactionDetailPage.test.tsx",
          "hashed_secret": "bffd31c8a849c72e349c658d0c6382ee10e4c58e",
          "is_secret": false,
          "is_verified": false,
          "line_number": 10,
          "note": "Seeded for #720: pre-existing placeholder/test/example detection, review before trusting",
          "type": "Base64 High Entropy String"
        }
      ]
    }
  },
  "filters_used": [
    {
      "path": "detect_secrets.filters.allowlist.is_line_allowlisted"
    },
    {
      "min_level": 2,
      "path": "detect_secrets.filters.common.is_ignored_due_to_verification_policies"
    },
    {
      "path": "detect_secrets.filters.heuristic.is_indirect_reference"
    },
    {
      "path": "detect_secrets.filters.heuristic.is_likely_id_string"
    },
    {
      "path": "detect_secrets.filters.heuristic.is_lock_file"
    },
    {
      "path": "detect_secrets.filters.heuristic.is_not_alphanumeric_string"
    },
    {
      "path": "detect_secrets.filters.heuristic.is_potential_uuid"
    },
    {
      "path": "detect_secrets.filters.heuristic.is_prefixed_with_dollar_sign"
    },
    {
      "path": "detect_secrets.filters.heuristic.is_sequential_string"
    },
    {
      "path": "detect_secrets.filters.heuristic.is_swagger_file"
    },
    {
      "path": "detect_secrets.filters.heuristic.is_templated_secret"
    }
  ],
  "generated_at": "2026-09-26T09:47:09Z",
  "plugins_used": [
    {
      "name": "ArtifactoryDetector"
    },
    {
      "name": "AWSKeyDetector"
    },
    {
      "name": "AzureStorageKeyDetector"
    },
    {
      "limit": 4.5,
      "name": "Base64HighEntropyString"
    },
    {
      "name": "BasicAuthDetector"
    },
    {
      "name": "CloudantDetector"
    },
    {
      "name": "DiscordBotTokenDetector"
    },
    {
      "name": "GitHubTokenDetector"
    },
    {
      "name": "GitLabTokenDetector"
    },
    {
      "limit": 3.0,
      "name": "HexHighEntropyString"
    },
    {
      "name": "IbmCloudIamDetector"
    },
    {
      "name": "IbmCosHmacDetector"
    },
    {
      "name": "IPPublicDetector"
    },
    {
      "name": "JwtTokenDetector"
    },
    {
      "keyword_exclude": "",
      "name": "KeywordDetector"
    },
    {
      "name": "MailchimpDetector"
    },
    {
      "name": "NpmDetector"
    },
    {
      "name": "OpenAIDetector"
    },
    {
      "name": "PrivateKeyDetector"
    },
    {
      "name": "PypiTokenDetector"
    },
    {
      "name": "SendGridDetector"
    },
    {
      "name": "SlackDetector"
    },
    {
      "name": "SoftlayerDetector"
    },
    {
      "name": "SquareOAuthDetector"
    },
    {
      "name": "StripeDetector"
    },
    {
      "name": "TelegramBotTokenDetector"
    },
    {
      "name": "TwilioKeyDetector"
    }
  ],
  "results": {
    ".env.example": [
      {
        "filename": ".env.example",
        "hashed_secret": "632d8eb9ee5be70b5448c03a10544b62f577ad60",
        "is_verified": false,
        "line_number": 11,
        "type": "Basic Auth Credentials"
      }
    ],
    ".github/workflows/ci.yml": [
      {
        "filename": ".github/workflows/ci.yml",
        "hashed_secret": "bf0a737434ab6c2fedb31a2a084eae04597f5de0",
        "is_verified": false,
        "line_number": 25,
        "type": "Secret Keyword"
      },
      {
        "filename": ".github/workflows/ci.yml",
        "hashed_secret": "bf0a737434ab6c2fedb31a2a084eae04597f5de0",
        "is_verified": false,
        "line_number": 44,
        "type": "Basic Auth Credentials"
      }
    ],
    ".github/workflows/e2e-tests.yml": [
      {
        "filename": ".github/workflows/e2e-tests.yml",
        "hashed_secret": "a94a8fe5ccb19ba61c4c0873d391e987982fbbd3",
        "is_verified": false,
        "line_number": 21,
        "type": "Secret Keyword"
      },
      {
        "filename": ".github/workflows/e2e-tests.yml",
        "hashed_secret": "a94a8fe5ccb19ba61c4c0873d391e987982fbbd3",
        "is_verified": false,
        "line_number": 58,
        "type": "Basic Auth Credentials"
      }
    ],
    ".github/workflows/nightly.yml": [
      {
        "filename": ".github/workflows/nightly.yml",
        "hashed_secret": "bf0a737434ab6c2fedb31a2a084eae04597f5de0",
        "is_verified": false,
        "line_number": 123,
        "type": "Secret Keyword"
      },
      {
        "filename": ".github/workflows/nightly.yml",
        "hashed_secret": "bf0a737434ab6c2fedb31a2a084eae04597f5de0",
        "is_verified": false,
        "line_number": 159,
        "type": "Basic Auth Credentials"
      }
    ],
    "DOCKER_QUICK_REFERENCE.md": [
      {
        "filename": "DOCKER_QUICK_REFERENCE.md",
        "hashed_secret": "5baa61e4c9b93f3f0682250b6cf8331b7ee68fd8",
        "is_verified": false,
        "line_number": 128,
        "type": "Basic Auth Credentials"
      }
    ],
    "E2E_TESTING_GUIDE.md": [
      {
        "filename": "E2E_TESTING_GUIDE.md",
        "hashed_secret": "a94a8fe5ccb19ba61c4c0873d391e987982fbbd3",
        "is_verified": false,
        "line_number": 81,
        "type": "Basic Auth Credentials"
      }
    ],
    "PR_MESSAGE.md": [
      {
        "filename": "PR_MESSAGE.md",
        "hashed_secret": "a94a8fe5ccb19ba61c4c0873d391e987982fbbd3",
        "is_verified": false,
        "line_number": 242,
        "type": "Basic Auth Credentials"
      }
    ],
    "README.md": [
      {
        "filename": "README.md",
        "hashed_secret": "bf0a737434ab6c2fedb31a2a084eae04597f5de0",
        "is_verified": false,
        "line_number": 367,
        "type": "Basic Auth Credentials"
      }
    ],
    "SECRETS_SCANNING_GUIDE.md": [
      {
        "filename": "SECRETS_SCANNING_GUIDE.md",
        "hashed_secret": "19fc48b762dc922d126f0d0d7e5274e93212b5e7",
        "is_verified": false,
        "line_number": 109,
        "type": "Secret Keyword"
      },
      {
        "filename": "SECRETS_SCANNING_GUIDE.md",
        "hashed_secret": "d247e54e14ab3298d7b979f10a70fa8d380ffeec",
        "is_verified": false,
        "line_number": 147,
        "type": "Secret Keyword"
      },
      {
        "filename": "SECRETS_SCANNING_GUIDE.md",
        "hashed_secret": "9d4e1e23bd5b727046a9e3b4b7db57bd8d6ee684",
        "is_verified": false,
        "line_number": 161,
        "type": "Basic Auth Credentials"
      },
      {
        "filename": "SECRETS_SCANNING_GUIDE.md",
        "hashed_secret": "25910f981e85ca04baf359199dd0bd4a3ae738b6",
        "is_verified": false,
        "line_number": 270,
        "type": "AWS Access Key"
      }
    ],
    "api/database.py": [
      {
        "filename": "api/database.py",
        "hashed_secret": "bf0a737434ab6c2fedb31a2a084eae04597f5de0",
        "is_verified": false,
        "line_number": 111,
        "type": "Basic Auth Credentials"
      }
    ],
    "api/routers/accounts.py": [
      {
        "filename": "api/routers/accounts.py",
        "hashed_secret": "a3d2709ddb4695bf7c836222de3fcdba279a129c",
        "is_verified": false,
        "line_number": 188,
        "type": "Hex High Entropy String"
      },
      {
        "filename": "api/routers/accounts.py",
        "hashed_secret": "5fad8caa4a59d7bf10d88a7fa4c0d55096b5bb64",
        "is_verified": false,
        "line_number": 190,
        "type": "Base64 High Entropy String"
      }
    ],
    "api/routers/backup.py": [
      {
        "filename": "api/routers/backup.py",
        "hashed_secret": "bf0a737434ab6c2fedb31a2a084eae04597f5de0",
        "is_verified": false,
        "line_number": 80,
        "type": "Basic Auth Credentials"
      }
    ],
    "api/routers/v1/backup.py": [
      {
        "filename": "api/routers/v1/backup.py",
        "hashed_secret": "bf0a737434ab6c2fedb31a2a084eae04597f5de0",
        "is_verified": false,
        "line_number": 80,
        "type": "Basic Auth Credentials"
      }
    ],
    "api/schemas/__init__.py": [
      {
        "filename": "api/schemas/__init__.py",
        "hashed_secret": "5fad8caa4a59d7bf10d88a7fa4c0d55096b5bb64",
        "is_verified": false,
        "line_number": 38,
        "type": "Base64 High Entropy String"
      },
      {
        "filename": "api/schemas/__init__.py",
        "hashed_secret": "bffd31c8a849c72e349c658d0c6382ee10e4c58e",
        "is_verified": false,
        "line_number": 44,
        "type": "Base64 High Entropy String"
      }
    ],
    "api/tests/conftest.py": [
      {
        "filename": "api/tests/conftest.py",
        "hashed_secret": "a14cdcfcd4700ffb2f5de51a5ff19a97e2384237",
        "is_verified": false,
        "line_number": 120,
        "type": "Hex High Entropy String"
      }
    ],
    "api/tests/test_api_key_rotation.py": [
      {
        "filename": "api/tests/test_api_key_rotation.py",
        "hashed_secret": "25ab86bed149ca6ca9c1c0d5db7c9a91388ddeab",
        "is_verified": false,
        "line_number": 42,
        "type": "Secret Keyword"
      }
    ],
    "api/tests/test_auth.py": [
      {
        "filename": "api/tests/test_auth.py",
        "hashed_secret": "e5e9fa1ba31ecd1ae84f75caaa474f3a663f05f4",
        "is_verified": false,
        "line_number": 39,
        "type": "Secret Keyword"
      }
    ],
    "api/tests/test_orm_models.py": [
      {
        "filename": "api/tests/test_orm_models.py",
        "hashed_secret": "ff55f8ab1c3d25394048cbef0bac18ef763a60ed",
        "is_verified": false,
        "line_number": 75,
        "type": "Hex High Entropy String"
      }
    ],
    "astroml/api/app.py": [
      {
        "filename": "astroml/api/app.py",
        "hashed_secret": "bf0a737434ab6c2fedb31a2a084eae04597f5de0",
        "is_verified": false,
        "line_number": 43,
        "type": "Basic Auth Credentials"
      }
    ],
    "astroml/api/routers/accounts.py": [
      {
        "filename": "astroml/api/routers/accounts.py",
        "hashed_secret": "bf0a737434ab6c2fedb31a2a084eae04597f5de0",
        "is_verified": false,
        "line_number": 27,
        "type": "Basic Auth Credentials"
      }
    ],
    "astroml/api/routers/fraud.py": [
      {
        "filename": "astroml/api/routers/fraud.py",
        "hashed_secret": "bf0a737434ab6c2fedb31a2a084eae04597f5de0",
        "is_verified": false,
        "line_number": 30,
        "type": "Basic Auth Credentials"
      }
    ],
    "astroml/backup/service.py": [
      {
        "filename": "astroml/backup/service.py",
        "hashed_secret": "9d4e1e23bd5b727046a9e3b4b7db57bd8d6ee684",
        "is_verified": false,
        "line_number": 130,
        "type": "Basic Auth Credentials"
      }
    ],
    "astroml/ingestion/tests/test_enhanced_stream.py": [
      {
        "filename": "astroml/ingestion/tests/test_enhanced_stream.py",
        "hashed_secret": "6740d1ecb48c5c9ca3b2a3cb1ca2f4b4d4487473",
        "is_verified": false,
        "line_number": 276,
        "type": "Hex High Entropy String"
      }
    ],
    "docker-compose.e2e.yml": [
      {
        "filename": "docker-compose.e2e.yml",
        "hashed_secret": "a94a8fe5ccb19ba61c4c0873d391e987982fbbd3",
        "is_verified": false,
        "line_number": 12,
        "type": "Secret Keyword"
      },
      {
        "filename": "docker-compose.e2e.yml",
        "hashed_secret": "a94a8fe5ccb19ba61c4c0873d391e987982fbbd3",
        "is_verified": false,
        "line_number": 53,
        "type": "Basic Auth Credentials"
      }
    ],
    "docker-compose.override.yml": [
      {
        "filename": "docker-compose.override.yml",
        "hashed_secret": "3e79db1cb0caff14fd2f04f20d85b41d42bce77d",
        "is_verified": false,
        "line_number": 33,
        "type": "Secret Keyword"
      }
    ],
    "docker-compose.yml": [
      {
        "filename": "docker-compose.yml",
        "hashed_secret": "99d2a40138fb59944b84a939a09b863d939fbee6",
        "is_verified": false,
        "line_number": 32,
        "type": "Secret Keyword"
      }
    ],
    "docs/KUBERNETES_DEPLOYMENT.md": [
      {
        "filename": "docs/KUBERNETES_DEPLOYMENT.md",
        "hashed_secret": "45d676e7c6ab44cf4b8fa366ef2d8fccd3e6d6e6",
        "is_verified": false,
        "line_number": 113,
        "type": "Basic Auth Credentials"
      }
    ],
    "docs/_build/.buildinfo": [
      {
        "filename": "docs/_build/.buildinfo",
        "hashed_secret": "4b7b4f6d15410a3e658d4288f3f2dc5137d21155",
        "is_verified": false,
        "line_number": 3,
        "type": "Hex High Entropy String"
      },
      {
        "filename": "docs/_build/.buildinfo",
        "hashed_secret": "63256a38625700f409b7ec5db8fa05ffd2cb88b2",
        "is_verified": false,
        "line_number": 4,
        "type": "Hex High Entropy String"
      }
    ],
    "docs/_build/_sources/docker-deployment.md.txt": [
      {
        "filename": "docs/_build/_sources/docker-deployment.md.txt",
        "hashed_secret": "99d2a40138fb59944b84a939a09b863d939fbee6",
        "is_verified": false,
        "line_number": 136,
        "type": "Basic Auth Credentials"
      }
    ],
    "docs/_build/docker-deployment.html": [
      {
        "filename": "docs/_build/docker-deployment.html",
        "hashed_secret": "99d2a40138fb59944b84a939a09b863d939fbee6",
        "is_verified": false,
        "line_number": 325,
        "type": "Basic Auth Credentials"
      }
    ],
    "docs/api/configuration.md": [
      {
        "filename": "docs/api/configuration.md",
        "hashed_secret": "9d4e1e23bd5b727046a9e3b4b7db57bd8d6ee684",
        "is_verified": false,
        "line_number": 119,
        "type": "Basic Auth Credentials"
      },
      {
        "filename": "docs/api/configuration.md",
        "hashed_secret": "a616a64c0fbc30f12287d0f24f3b90dd2e6a206e",
        "is_verified": false,
        "line_number": 144,
        "type": "Secret Keyword"
      },
      {
        "filename": "docs/api/configuration.md",
        "hashed_secret": "b35de43b61185e4ad30e9af6bfa1a07a37efa33a",
        "is_verified": false,
        "line_number": 280,
        "type": "Base64 High Entropy String"
      },
      {
        "filename": "docs/api/configuration.md",
        "hashed_secret": "5baa61e4c9b93f3f0682250b6cf8331b7ee68fd8",
        "is_verified": false,
        "line_number": 612,
        "type": "Basic Auth Credentials"
      },
      {
        "filename": "docs/api/configuration.md",
        "hashed_secret": "a616a64c0fbc30f12287d0f24f3b90dd2e6a206e",
        "is_verified": false,
        "line_number": 1063,
        "type": "Basic Auth Credentials"
      }
    ],
    "docs/docker-deployment.md": [
      {
        "filename": "docs/docker-deployment.md",
        "hashed_secret": "99d2a40138fb59944b84a939a09b863d939fbee6",
        "is_verified": false,
        "line_number": 136,
        "type": "Basic Auth Credentials"
      }
    ],
    "k8s/astroml-deployment.yaml": [
      {
        "filename": "k8s/astroml-deployment.yaml",
        "hashed_secret": "9a7bdf407660fc72b8b810902efb01070a6ee967",
        "is_verified": false,
        "line_number": 7,
        "type": "Basic Auth Credentials"
      }
    ],
    "k8s/ingress.yaml": [
      {
        "filename": "k8s/ingress.yaml",
        "hashed_secret": "a725074fcadec7a4fa168915eb394c9ab4121dc5",
        "is_verified": false,
        "line_number": 17,
        "type": "Secret Keyword"
      },
      {
        "filename": "k8s/ingress.yaml",
        "hashed_secret": "e9dd4d471ad36e76a1d6c77db85b9cb5ca8f22de",
        "is_verified": false,
        "line_number": 58,
        "type": "Secret Keyword"
      }
    ],
    "k8s/monitoring.yaml": [
      {
        "filename": "k8s/monitoring.yaml",
        "hashed_secret": "d033e22ae348aeb5660fc2140aec35850c4da997",
        "is_verified": false,
        "line_number": 146,
        "type": "Secret Keyword"
      },
      {
        "filename": "k8s/monitoring.yaml",
        "hashed_secret": "3d7fc47f79279fc7dadb1a75abe82f38655a9838",
        "is_verified": false,
        "line_number": 234,
        "type": "Secret Keyword"
      }
    ],
    "k8s/postgres-deployment.yaml": [
      {
        "filename": "k8s/postgres-deployment.yaml",
        "hashed_secret": "9a7bdf407660fc72b8b810902efb01070a6ee967",
        "is_verified": false,
        "line_number": 17,
        "type": "Secret Keyword"
      }
    ],
    "monitoring/grafana/provisioning/datasources/prometheus.yml": [
      {
        "filename": "monitoring/grafana/provisioning/datasources/prometheus.yml",
        "hashed_secret": "99d2a40138fb59944b84a939a09b863d939fbee6",
        "is_verified": false,
        "line_number": 20,
        "type": "Secret Keyword"
      }
    ],
    "outputs/astroml_experiment/2026-03-24_12-35-42/.hydra/hydra.yaml": [
      {
        "filename": "outputs/astroml_experiment/2026-03-24_12-35-42/.hydra/hydra.yaml",
        "hashed_secret": "ac99bcf8782752db45829ce43b8e3a631c7ae82c",
        "is_verified": false,
        "line_number": 143,
        "type": "Base64 High Entropy String"
      }
    ],
    "outputs/astroml_experiment/2026-03-24_12-36-17/.hydra/hydra.yaml": [
      {
        "filename": "outputs/astroml_experiment/2026-03-24_12-36-17/.hydra/hydra.yaml",
        "hashed_secret": "9484a72f9f06dec2e9d6d8e4cb6a827b2bcb5581",
        "is_verified": false,
        "line_number": 146,
        "type": "Base64 High Entropy String"
      }
    ],
    "test_data_quality_import.py": [
      {
        "filename": "test_data_quality_import.py",
        "hashed_secret": "4d43a7fd59197a455b33ddf403e2af43b2c820dc",
        "is_verified": false,
        "line_number": 38,
        "type": "Base64 High Entropy String"
      }
    ],
    "test_snapshots/security_tests/security_tests/test_confidence_boundary_100_accepted.1.json": [
      {
        "filename": "test_snapshots/security_tests/security_tests/test_confidence_boundary_100_accepted.1.json",
        "hashed_secret": "244f421f896bdcdd2784dccf4eaf7c8dfd5189b5",
        "is_verified": false,
        "line_number": 42,
        "type": "Hex High Entropy String"
      }
    ],
    "test_snapshots/security_tests/security_tests/test_deactivated_validator_cannot_submit_report.1.json": [
      {
        "filename": "test_snapshots/security_tests/security_tests/test_deactivated_validator_cannot_submit_report.1.json",
        "hashed_secret": "244f421f896bdcdd2784dccf4eaf7c8dfd5189b5",
        "is_verified": false,
        "line_number": 42,
        "type": "Hex High Entropy String"
      }
    ],
    "test_snapshots/security_tests/security_tests/test_low_confidence_report_rejected_at_boundary.1.json": [
      {
        "filename": "test_snapshots/security_tests/security_tests/test_low_confidence_report_rejected_at_boundary.1.json",
        "hashed_secret": "244f421f896bdcdd2784dccf4eaf7c8dfd5189b5",
        "is_verified": false,
        "line_number": 42,
        "type": "Hex High Entropy String"
      }
    ],
    "test_snapshots/security_tests/security_tests/test_low_reputation_report_rejected_at_boundary.1.json": [
      {
        "filename": "test_snapshots/security_tests/security_tests/test_low_reputation_report_rejected_at_boundary.1.json",
        "hashed_secret": "244f421f896bdcdd2784dccf4eaf7c8dfd5189b5",
        "is_verified": false,
        "line_number": 43,
        "type": "Hex High Entropy String"
      }
    ],
    "test_snapshots/security_tests/security_tests/test_non_admin_cannot_deactivate_validator.1.json": [
      {
        "filename": "test_snapshots/security_tests/security_tests/test_non_admin_cannot_deactivate_validator.1.json",
        "hashed_secret": "244f421f896bdcdd2784dccf4eaf7c8dfd5189b5",
        "is_verified": false,
        "line_number": 41,
        "type": "Hex High Entropy String"
      }
    ],
    "test_snapshots/security_tests/security_tests/test_non_admin_cannot_update_config.1.json": [
      {
        "filename": "test_snapshots/security_tests/security_tests/test_non_admin_cannot_update_config.1.json",
        "hashed_secret": "244f421f896bdcdd2784dccf4eaf7c8dfd5189b5",
        "is_verified": false,
        "line_number": 40,
        "type": "Hex High Entropy String"
      }
    ],
    "test_snapshots/security_tests/security_tests/test_non_admin_cannot_update_validator_reputation.1.json": [
      {
        "filename": "test_snapshots/security_tests/security_tests/test_non_admin_cannot_update_validator_reputation.1.json",
        "hashed_secret": "244f421f896bdcdd2784dccf4eaf7c8dfd5189b5",
        "is_verified": false,
        "line_number": 41,
        "type": "Hex High Entropy String"
      }
    ],
    "test_snapshots/security_tests/security_tests/test_reinitialization_overwrites_admin.1.json": [
      {
        "filename": "test_snapshots/security_tests/security_tests/test_reinitialization_overwrites_admin.1.json",
        "hashed_secret": "244f421f896bdcdd2784dccf4eaf7c8dfd5189b5",
        "is_verified": false,
        "line_number": 41,
        "type": "Hex High Entropy String"
      }
    ],
    "test_snapshots/security_tests/security_tests/test_report_with_and_without_evidence_hash.1.json": [
      {
        "filename": "test_snapshots/security_tests/security_tests/test_report_with_and_without_evidence_hash.1.json",
        "hashed_secret": "244f421f896bdcdd2784dccf4eaf7c8dfd5189b5",
        "is_verified": false,
        "line_number": 44,
        "type": "Hex High Entropy String"
      }
    ],
    "test_snapshots/security_tests/security_tests/test_reputation_boundary_0_accepted.1.json": [
      {
        "filename": "test_snapshots/security_tests/security_tests/test_reputation_boundary_0_accepted.1.json",
        "hashed_secret": "244f421f896bdcdd2784dccf4eaf7c8dfd5189b5",
        "is_verified": false,
        "line_number": 41,
        "type": "Hex High Entropy String"
      }
    ],
    "test_snapshots/security_tests/security_tests/test_reputation_boundary_100_accepted.1.json": [
      {
        "filename": "test_snapshots/security_tests/security_tests/test_reputation_boundary_100_accepted.1.json",
        "hashed_secret": "244f421f896bdcdd2784dccf4eaf7c8dfd5189b5",
        "is_verified": false,
        "line_number": 41,
        "type": "Hex High Entropy String"
      }
    ],
    "test_snapshots/security_tests/security_tests/test_reputation_boundary_101_rejected.1.json": [
      {
        "filename": "test_snapshots/security_tests/security_tests/test_reputation_boundary_101_rejected.1.json",
        "hashed_secret": "244f421f896bdcdd2784dccf4eaf7c8dfd5189b5",
        "is_verified": false,
        "line_number": 40,
        "type": "Hex High Entropy String"
      }
    ],
    "test_snapshots/security_tests/security_tests/test_sybil_single_validator_cannot_manufacture_consensus.1.json": [
      {
        "filename": "test_snapshots/security_tests/security_tests/test_sybil_single_validator_cannot_manufacture_consensus.1.json",
        "hashed_secret": "244f421f896bdcdd2784dccf4eaf7c8dfd5189b5",
        "is_verified": false,
        "line_number": 43,
        "type": "Hex High Entropy String"
      }
    ],
    "test_snapshots/security_tests/security_tests/test_unregistered_address_cannot_submit_report.1.json": [
      {
        "filename": "test_snapshots/security_tests/security_tests/test_unregistered_address_cannot_submit_report.1.json",
        "hashed_secret": "244f421f896bdcdd2784dccf4eaf7c8dfd5189b5",
        "is_verified": false,
        "line_number": 40,
        "type": "Hex High Entropy String"
      }
    ],
    "test_snapshots/security_tests/security_tests/test_update_config_invalid_reputation_threshold.1.json": [
      {
        "filename": "test_snapshots/security_tests/security_tests/test_update_config_invalid_reputation_threshold.1.json",
        "hashed_secret": "244f421f896bdcdd2784dccf4eaf7c8dfd5189b5",
        "is_verified": false,
        "line_number": 40,
        "type": "Hex High Entropy String"
      }
    ],
    "test_snapshots/security_tests/security_tests/test_zero_consensus_threshold_marks_unreported_accounts_fraudulent.1.json": [
      {
        "filename": "test_snapshots/security_tests/security_tests/test_zero_consensus_threshold_marks_unreported_accounts_fraudulent.1.json",
        "hashed_secret": "244f421f896bdcdd2784dccf4eaf7c8dfd5189b5",
        "is_verified": false,
        "line_number": 40,
        "type": "Hex High Entropy String"
      }
    ],
    "tests/e2e/test_api_e2e.py": [
      {
        "filename": "tests/e2e/test_api_e2e.py",
        "hashed_secret": "463d8353f4b927fd953e5af7c41084183e8ce5fb",
        "is_verified": false,
        "line_number": 42,
        "type": "Secret Keyword"
      },
      {
        "filename": "tests/e2e/test_api_e2e.py",
        "hashed_secret": "5baa61e4c9b93f3f0682250b6cf8331b7ee68fd8",
        "is_verified": false,
        "line_number": 50,
        "type": "Secret Keyword"
      }
    ],
    "tests/integration/conftest.py": [
      {
        "filename": "tests/integration/conftest.py",
        "hashed_secret": "c94d65f02a652d11c2e5c2e1ccf38dce5a076e1e",
        "is_verified": false,
        "line_number": 74,
        "type": "Secret Keyword"
      }
    ],
    "tests/integration/test_database_config_validation.py": [
      {
        "filename": "tests/integration/test_database_config_validation.py",
        "hashed_secret": "e5e9fa1ba31ecd1ae84f75caaa474f3a663f05f4",
        "is_verified": false,
        "line_number": 76,
        "type": "Basic Auth Credentials"
      }
    ],
    "tests/test_agent_llm.py": [
      {
        "filename": "tests/test_agent_llm.py",
        "hashed_secret": "e5e9fa1ba31ecd1ae84f75caaa474f3a663f05f4",
        "is_verified": false,
        "line_number": 234,
        "type": "Secret Keyword"
      }
    ],
    "tests/test_config_validation.py": [
      {
        "filename": "tests/test_config_validation.py",
        "hashed_secret": "9d4e1e23bd5b727046a9e3b4b7db57bd8d6ee684",
        "is_verified": false,
        "line_number": 31,
        "type": "Basic Auth Credentials"
      },
      {
        "filename": "tests/test_config_validation.py",
        "hashed_secret": "81f344a7686a80b4c5293e8fdc0b0160c82c06a8",
        "is_verified": false,
        "line_number": 141,
        "type": "Basic Auth Credentials"
      }
    ],
    "tests/test_security.py": [
      {
        "filename": "tests/test_security.py",
        "hashed_secret": "fca268ae2442d5cabc3e12d87b349adf8bf7d76c",
        "is_verified": false,
        "line_number": 151,
        "type": "Basic Auth Credentials"
      }
    ],
    "tests/test_shipped_config_validation.py": [
      {
        "filename": "tests/test_shipped_config_validation.py",
        "hashed_secret": "27c6929aef41ae2bcadac15ca6abcaff72cda9cd",
        "is_verified": false,
        "line_number": 194,
        "type": "Private Key"
      },
      {
        "filename": "tests/test_shipped_config_validation.py",
        "hashed_secret": "be4fc4886bd949b369d5e092eb87494f12e57e5b",
        "is_verified": false,
        "line_number": 194,
        "type": "Private Key"
      }
    ],
    "tests/tracking/test_model_registry_lineage.py": [
      {
        "filename": "tests/tracking/test_model_registry_lineage.py",
        "hashed_secret": "b214f706bb602c1cc2adc5c6165e73622305f4bb",
        "is_verified": false,
        "line_number": 57,
        "type": "Hex High Entropy String"
      }
    ],
    "tests/validation/test_data_quality.py": [
      {
        "filename": "tests/validation/test_data_quality.py",
        "hashed_secret": "4d43a7fd59197a455b33ddf403e2af43b2c820dc",
        "is_verified": false,
        "line_number": 211,
        "type": "Base64 High Entropy String"
      },
      {
        "filename": "tests/validation/test_data_quality.py",
        "hashed_secret": "0377fc614fbd81cea0873f127ea31b41316ec709",
        "is_verified": false,
        "line_number": 212,
        "type": "Base64 High Entropy String"
      },
      {
        "filename": "tests/validation/test_data_quality.py",
        "hashed_secret": "9fe888e69513f6e876a5f51c72271617e74c82bb",
        "is_verified": false,
        "line_number": 216,
        "type": "Base64 High Entropy String"
      },
      {
        "filename": "tests/validation/test_data_quality.py",
        "hashed_secret": "16966c59e1af1af223afe90d62b889debcca108d",
        "is_verified": false,
        "line_number": 218,
        "type": "Base64 High Entropy String"
      }
    ],
    "tests/validation/test_data_quality_monitoring.py": [
      {
        "filename": "tests/validation/test_data_quality_monitoring.py",
        "hashed_secret": "4d43a7fd59197a455b33ddf403e2af43b2c820dc",
        "is_verified": false,
        "line_number": 77,
        "type": "Base64 High Entropy String"
      }
    ],
    "tests/validation/test_extended_data_quality.py": [
      {
        "filename": "tests/validation/test_extended_data_quality.py",
        "hashed_secret": "4d43a7fd59197a455b33ddf403e2af43b2c820dc",
        "is_verified": false,
        "line_number": 153,
        "type": "Base64 High Entropy String"
      },
      {
        "filename": "tests/validation/test_extended_data_quality.py",
        "hashed_secret": "0377fc614fbd81cea0873f127ea31b41316ec709",
        "is_verified": false,
        "line_number": 154,
        "type": "Base64 High Entropy String"
      },
      {
        "filename": "tests/validation/test_extended_data_quality.py",
        "hashed_secret": "9fe888e69513f6e876a5f51c72271617e74c82bb",
        "is_verified": false,
        "line_number": 167,
        "type": "Base64 High Entropy String"
      },
      {
        "filename": "tests/validation/test_extended_data_quality.py",
        "hashed_secret": "16966c59e1af1af223afe90d62b889debcca108d",
        "is_verified": false,
        "line_number": 169,
        "type": "Base64 High Entropy String"
      }
    ],
    "web/src/test/AccountDetailPage.test.tsx": [
      {
        "filename": "web/src/test/AccountDetailPage.test.tsx",
        "hashed_secret": "5fad8caa4a59d7bf10d88a7fa4c0d55096b5bb64",
        "is_verified": false,
        "line_number": 103,
        "type": "Base64 High Entropy String"
      }
    ],
    "web/src/test/AccountSearchBar.test.tsx": [
      {
        "filename": "web/src/test/AccountSearchBar.test.tsx",
        "hashed_secret": "5fad8caa4a59d7bf10d88a7fa4c0d55096b5bb64",
        "is_verified": false,
        "line_number": 45,
        "type": "Base64 High Entropy String"
      }
    ],
    "web/src/test/TransactionDetailPage.test.tsx": [
      {
        "filename": "web/src/test/TransactionDetailPage.test.tsx",
        "hashed_secret": "4610e9a827049f059bc72b0ce9833625ca6cae13",
        "is_verified": false,
        "line_number": 7,
        "type": "Hex High Entropy String"
      },
      {
        "filename": "web/src/test/TransactionDetailPage.test.tsx",
        "hashed_secret": "5fad8caa4a59d7bf10d88a7fa4c0d55096b5bb64",
        "is_verified": false,
        "line_number": 9,
        "type": "Base64 High Entropy String"
      },
      {
        "filename": "web/src/test/TransactionDetailPage.test.tsx",
        "hashed_secret": "bffd31c8a849c72e349c658d0c6382ee10e4c58e",
        "is_verified": false,
        "line_number": 10,
        "type": "Base64 High Entropy String"
      }
    ]
  },
  "version": "1.5.0"
}
